sq (-5, 4): 1 regions, 1 queued ['wrong_size(3)']
sq (-4, 4): 3 regions, 2 queued ['wrong_ground(3)', 'wrong_ground(3)', 'wrong_ground(2)']
sq (-3, 4): 0 regions, 0 queued []
sq (-2, 4): 1 regions, 1 queued ['wrong_ground(3)']
sq (-1, 4): 0 regions, 0 queued []
sq (0, 4): 2 regions, 2 queued ['invented_landmark(4)', 'invented_landmark(3)']
sq (1, 4): 1 regions, 1 queued ['wrong_architecture(4)']
sq (2, 4): 1 regions, 1 queued ['invented_landmark(4)']
sq (3, 4): 3 regions, 3 queued ['invented_landmark(4)', 'wrong_ground(3)', 'wrong_ground(3)']
sq (4, 4): 3 regions, 3 queued ['wrong_ground(3)', 'wrong_ground(3)', 'wrong_ground(3)']
sq (5, 4): 2 regions, 1 queued ['missing_structure(3)', 'wrong_ground(2)']
sq (-5, 3): 3 regions, 3 queued ['wrong_ground(3)', 'wrong_ground(3)', 'wrong_ground(3)']
sq (-4, 3): 1 regions, 1 queued ['wrong_architecture(3)']
sq (-3, 3): 2 regions, 2 queued ['wrong_ground(4)', 'wrong_ground(3)']
sq (-2, 3): 4 regions, 3 queued ['invented_landmark(4)', 'invented_landmark(3)', 'invented_landmark(3)', 'invented_landmark(3)']
sq (-1, 3): 2 regions, 2 queued ['missing_structure(3)', 'wrong_ground(3)']
sq (0, 3): 1 regions, 1 queued ['invented_landmark(4)']
sq (1, 3): 0 regions, 0 queued []
sq (2, 3): 0 regions, 0 queued []
sq (3, 3): 0 regions, 0 queued []
sq (4, 3): 2 regions, 2 queued ['wrong_ground(3)', 'wrong_ground(3)']
sq (5, 3): 4 regions, 3 queued ['invented_landmark(4)', 'invented_landmark(4)', 'invented_landmark(3)', 'invented_landmark(3)']
sq (-5, 2): 0 regions, 0 queued []
sq (-4, 2): 2 regions, 2 queued ['invented_landmark(4)', 'invented_landmark(3)']
sq (-3, 2): 3 regions, 2 queued ['wrong_architecture(3)', 'wrong_ground(3)', 'missing_structure(2)']
sq (-2, 2): 0 regions, 0 queued []
sq (-1, 2): 1 regions, 1 queued ['invented_landmark(3)']
sq (0, 2): 1 regions, 1 queued ['wrong_architecture(3)']
sq (1, 2): 2 regions, 2 queued ['wrong_architecture(3)', 'wrong_ground(3)']
sq (2, 2): 1 regions, 1 queued ['wrong_architecture(3)']
sq (3, 2): 2 regions, 2 queued ['invented_landmark(3)', 'invented_landmark(3)']
sq (4, 2): 1 regions, 1 queued ['wrong_architecture(3)']
sq (5, 2): 0 regions, 0 queued []
sq (-5, 1): 2 regions, 2 queued ['wrong_architecture(3)', 'invented_landmark(3)']
sq (-4, 1): 2 regions, 2 queued ['invented_landmark(4)', 'invented_landmark(4)']
sq (-3, 1): 2 regions, 2 queued ['invented_landmark(3)', 'invented_landmark(3)']
sq (3, 1): 0 regions, 0 queued []
sq (4, 1): 1 regions, 1 queued ['invented_landmark(4)']
sq (5, 1): 0 regions, 0 queued []
sq (-5, 0): 2 regions, 2 queued ['wrong_ground(4)', 'invented_landmark(3)']
sq (-4, 0): 1 regions, 1 queued ['invented_landmark(4)']
sq (-3, 0): 2 regions, 2 queued ['invented_landmark(4)', 'invented_landmark(3)']
sq (3, 0): 2 regions, 2 queued ['invented_landmark(4)', 'wrong_ground(3)']
sq (4, 0): 1 regions, 1 queued ['invented_landmark(4)']
sq (5, 0): 0 regions, 0 queued []
sq (-5, -1): 3 regions, 3 queued ['invented_landmark(4)', 'wrong_size(3)', 'wrong_architecture(3)']
sq (-4, -1): 3 regions, 3 queued ['wrong_ground(4)', 'wrong_ground(3)', 'wrong_ground(3)']
sq (-3, -1): 1 regions, 1 queued ['invented_landmark(4)']
sq (3, -1): 0 regions, 0 queued []
sq (4, -1): 3 regions, 3 queued ['invented_landmark(4)', 'invented_landmark(4)', 'invented_landmark(3)']
sq (5, -1): 3 regions, 2 queued ['wrong_ground(3)', 'missing_structure(3)', 'wrong_ground(2)']
sq (-5, -2): 3 regions, 1 queued ['wrong_architecture(3)', 'missing_structure(2)', 'invented_landmark(2)']
sq (-4, -2): 3 regions, 3 queued ['missing_structure(4)', 'wrong_ground(3)', 'wrong_ground(3)']
sq (-3, -2): 0 regions, 0 queued []
sq (-2, -2): 1 regions, 1 queued ['invented_landmark(3)']
sq (-1, -2): 0 regions, 0 queued []
sq (0, -2): 0 regions, 0 queued []
sq (1, -2): 0 regions, 0 queued []
sq (2, -2): 3 regions, 3 queued ['invented_landmark(4)', 'invented_landmark(4)', 'invented_landmark(3)']
sq (3, -2): 1 regions, 1 queued ['wrong_architecture(3)']
sq (4, -2): 0 regions, 0 queued []
sq (5, -2): 0 regions, 0 queued []
80 jobs in /root/simleon/build/refine_queue2.json (~$21.44 to run)
[page] Failed to load resource: the server responded with a status of 404 (File not found)
rendered 0,0 in 31.0s (waited 20.5s)
total 31 s
  cand 0: judge=7.0 ['Ground textures and terrain paths surrounding the central building are heavily simplified compared to the aerial photo']
  cand 1: judge=7.0 ['Building footprints and structures are well matched to the photo, with minor simplifications in terrain paths.']
refined sq (-5, 4) box (870, 378, 1187, 594): judge 7.0 ($0.268)
  cand 0: judge=7.0 ['Salvage yard fix is well implemented with dense scrap vehicles instead of parking spaces', 'Surrounding open ground textures and dirt patches are slightly simplified']
  cand 1: judge=7.0 ['Salvage yard layout accurately reflects the scrap car arrangement from the aerial reference', 'Minor simplifications in surrounding dirt contours and small roadside features']
refined sq (-4, 4) box (311, 186, 773, 435): judge 7.0 ($0.268)
  cand 0: judge=7.0 ['The ditch and ravine are now correctly rendered as dry tan/brown terrain rather than bright green grass', 'Minor simplification of dry terrain textures and paths compared to the aerial reference']
  cand 1: judge=4.0 ['The dry ditch/ravine still contains a continuous green strip instead of dry, patchy terrain.']
refined sq (-4, 4) box (256, 512, 2048, 1355): judge 7.0 ($0.268)
  cand 0: judge=7.0 ['Minor discrepancies in ground texture and exact boundaries of the dirt lot']
  cand 1: judge=7.0 ['The dirt lot is properly represented with tan earth texture, though boundary fencing and ground contours remain simplified']
refined sq (-2, 4) box (0, 650, 314, 909): judge 7.0 ($0.268)
  cand 0: judge=7.0 ['The previously reported church has been removed and replaced with low-rise residential buildings matching the photo layout.', 'Vegetation along the southern edge of the central block is slightly understated compared to the dense tree canopy in the photo.']
  cand 1: judge=7.0 ['Minor simplifications in roof geometry and internal property partitions within the central block.']
refined sq (0, 4) box (767, 1407, 1008, 1651): judge 7.0 ($0.268)
  cand 0: judge=6.0 ['The multi-story building visible in the upper portion of the mask is rendered as low-rise flat residential roofs', 'Individual building footprints and courtyard partitions remain somewhat generalized']
