rendered -2,1 in 199.1s (waited 143.5s)
rendered -1,1 in 198.9s (waited 133.5s)
rendered 0,1 in 171.6s (waited 110s)
rendered 1,1 in 183.8s (waited 107.5s)
rendered 2,1 in 190.6s (waited 123.5s)
rendered -2,0 in 261.6s (waited 201s)
rendered -1,0 in 195.8s (waited 138s)
rendered 0,0 in 206.5s (waited 140.5s)
rendered 1,0 in 184.3s (waited 119.5s)
rendered 2,0 in 171.8s (waited 111.5s)
rendered -2,-1 in 237.3s (waited 193.5s)
rendered -1,-1 in 250.0s (waited 196.5s)
rendered 0,-1 in 223.0s (waited 171s)
rendered 1,-1 in 188.5s (waited 138s)
rendered 2,-1 in 169.8s (waited 110.5s)
rendered -5,4 in 280.3s (waited 240s)
rendered -4,4 in 295.0s (waited 240s)
rendered -3,4 in 293.1s (waited 240s)
rendered -2,4 in 288.9s (waited 240s)
rendered -1,4 in 298.4s (waited 240s)
rendered -5,3 in 290.7s (waited 240s)
rendered -4,3 in 302.6s (waited 240s)
rendered -3,3 in 286.4s (waited 240s)
rendered -2,3 in 313.6s (waited 240s)
rendered -1,3 in 297.5s (waited 240s)
rendered 0,3 in 298.4s (waited 240s)
rendered -5,2 in 254.9s (waited 204.5s)
rendered -4,2 in 295.8s (waited 240s)
rendered -3,2 in 238.9s (waited 184.5s)
rendered -2,2 in 216.1s (waited 150s)
rendered 0,2 in 166.0s (waited 111s)
rendered 1,2 in 173.8s (waited 109.5s)
rendered -5,1 in 183.2s (waited 128.5s)
rendered -4,1 in 183.3s (waited 123.5s)
rendered -3,1 in 185.4s (waited 130s)
rendered 0,4 in 289.5s (waited 240s)
rendered 1,4 in 295.5s (waited 240s)
rendered 2,4 in 301.0s (waited 240s)
rendered 3,4 in 294.6s (waited 240s)
rendered 4,4 in 293.1s (waited 240s)
rendered 5,4 in 301.3s (waited 240s)
rendered 1,3 in 294.0s (waited 240s)
rendered 2,3 in 319.2s (waited 240s)
rendered 3,3 in 288.2s (waited 240s)
rendered 4,3 in 290.1s (waited 240s)
rendered 5,3 in 294.2s (waited 240s)
rendered -1,2 in 312.5s (waited 213s)
rendered 0,4 in 215.3s (waited 173s)
rendered 1,4 in 208.8s (waited 158s)
rendered 4,4 in 238.9s (waited 186s)
rendered 5,4 in 221.5s (waited 160.5s)
rendered -5,3 in 180.4s (waited 129.5s)
rendered -4,3 in 192.4s (waited 140s)
rendered -3,3 in 196.1s (waited 142s)
rendered -2,3 in 180.9s (waited 133s)
rendered -1,3 in 200.7s (waited 137.5s)
rendered 0,3 in 192.9s (waited 136s)
rendered 1,3 in 169.0s (waited 123.5s)
rendered 2,3 in 188.6s (waited 126.5s)
rendered 3,3 in 208.0s (waited 160.5s)
rendered 4,3 in 202.2s (waited 160.5s)
rendered 5,3 in 241.3s (waited 183.5s)
rendered -4,2 in 190.5s (waited 144.5s)
rendered 2,2 in 175.9s (waited 115s)
rendered 3,2 in 242.7s (waited 191s)
rendered 4,2 in 171.9s (waited 125.5s)
rendered 5,2 in 216.0s (waited 161s)
rendered 3,1 in 177.5s (waited 111s)
rendered 4,1 in 175.4s (waited 112.5s)
rendered 5,1 in 188.7s (waited 126.5s)
rendered -5,0 in 231.9s (waited 179s)
rendered -4,0 in 437.2s (waited 391s)
rendered -3,0 in 238.2s (waited 188s)
rendered 3,0 in 181.3s (waited 112s)
rendered 4,0 in 177.6s (waited 112.5s)
rendered 5,0 in 153.9s (waited 111.5s)
rendered -5,-1 in 209.3s (waited 164s)
rendered -4,-1 in 256.8s (waited 202s)
rendered -3,-1 in 256.9s (waited 202.5s)
rendered 3,-1 in 171.7s (waited 113s)
rendered 4,-1 in 171.4s (waited 114.5s)
rendered 5,-1 in 176.3s (waited 115.5s)
rendered -5,-2 in 175.5s (waited 132s)
rendered -4,-2 in 204.1s (waited 160s)
rendered -3,-2 in 245.1s (waited 197.5s)
rendered -2,-2 in 240.4s (waited 198s)
rendered -1,-2 in 247.3s (waited 195s)
rendered 0,-2 in 238.8s (waited 189s)
rendered 1,-2 in 176.2s (waited 134s)
rendered 2,-2 in 177.1s (waited 113.5s)
rendered 3,-2 in 168.8s (waited 118s)
rendered 4,-2 in 178.0s (waited 110s)
rendered 5,-2 in 180.0s (waited 108.5s)
